// Jest Snapshot v1, https://goo.gl/fbAQLP

exports[`aside.vue should match the snapshot 1`] = `
<ul class="aside">
  <li class="aside__item"><img src="/icons/Home.svg" alt="Загальне" class="img mr-2"> <span class="aside__text">
      Загальне
    </span></li>
</ul>
`;
