// Jest Snapshot v1, https://goo.gl/fbAQLP

exports[`blank-subject.vue should match the snapshot 1`] = `
<section class="blank-item">
  <div class="blank-item__header">
    <h4 class="blank-item__title">

    </h4>
    <!---->
  </div>
  <div class="blank-item__content grid">
    <div class="blank-item__content--element w-50">
      <div class="blank-item__gray">
        3. Додаткові аркуші
      </div>
      <div class="blank-item__text">
        —
      </div>
    </div>
    <div class="blank-item__content--element w-50">
      <div class="blank-item__gray mt-3">
        4. Відвант. спец.
      </div>
      <div class="blank-item__text">
        —
      </div>
    </div>
    <div class="blank-item__content--element w-50">
      <div class="blank-item__gray mt-3">
        5. Товарів
      </div>
      <div class="blank-item__text">
        —
      </div>
    </div>
    <div class="blank-item__content--element w-50">
      <div class="blank-item__gray mt-3">
        6. Місць
      </div>
      <div class="blank-item__text">
        —
      </div>
    </div>
    <div>
      <div class="blank-item__gray mt-3">
        1. Тип декларації
      </div>
      <ul class="blank-item__list">
        <li class="blank-item__text blank-item__btn fixed-length">
          —
        </li>
        <li class="blank-item__text blank-item__btn fixed-length">
          —
        </li>
        <li class="blank-item__text blank-item__btn fixed-length">
          —
        </li>
      </ul>
    </div>
  </div>
</section>
`;
