// Jest Snapshot v1, https://goo.gl/fbAQLP

exports[`page: management-table.vue should match the snapshot 1`] = `
<b-container-stub tag="div" fluid="true">
  <b-row-stub tag="div" class="mb-3">
    <b-col-stub tag="div" cools="12">
      <h1 class="title">
        Журнал зони митного контролю
      </h1>
    </b-col-stub>
  </b-row-stub>
  <b-row-stub tag="div">
    <b-col-stub cols="12" tag="div">
      <extended-of-filters-stub value="[object Object]"></extended-of-filters-stub>
    </b-col-stub>
  </b-row-stub>
  <b-row-stub tag="div">
    <b-col-stub tag="div">
      {
      "select": "",
      "multiSelect": [],
      "datalist": "",
      "dateRange": []
      }
    </b-col-stub>
    <b-col-stub cols="12" tag="div">
      Lorem ipsum dolor sit amet, consectetur adipisicing elit. Amet consectetur consequuntur cupiditate dolorem, eos est fuga illo ipsam, itaque labore laudantium modi odit, omnis perferendis quia quis similique veritatis vitae?
    </b-col-stub>
  </b-row-stub>
</b-container-stub>
`;
