// Jest Snapshot v1, https://goo.gl/fbAQLP

exports[`layout default.vue should match the snapshot 1`] = `
<div>
  <b-header-stub></b-header-stub>
  <grid-wrapper-stub showaside="true" class="mt-3"></grid-wrapper-stub>
  <div>
    <notifications-stub group="" width="300" position="bottom right" classes="notification" animationtype="css" animation="[object Object]" animationname="vn-fade" speed="500" cooldown="0" duration="5000" delay="0" max="Infinity" closeonclick="true"></notifications-stub>
  </div>
</div>
`;
