// Jest Snapshot v1, https://goo.gl/fbAQLP

exports[`factory-field.vue should match the snapshot 1`] = `
<div>
  <management-table-stub value="[object Object]" label="" placeholder="" type="text" inputclasses="" vid="" rules="" listlink="" config="[object Object]" btntext="Додати документ"></management-table-stub>
</div>
`;
