// Jest Snapshot v1, https://goo.gl/fbAQLP

exports[`filter-multi-select.vue should match the snapshot 1`] = `
<filter-wrapper-stub label="Filter Select" hideoptions="function () { [native code] }" inputclasses="" showoptions="true">
  Оберіть зі списку

  <checkbox-group-stub options="[object Object],[object Object]" value="" style="display: none;"></checkbox-group-stub>
</filter-wrapper-stub>
`;
